src/services/discovery/deviceService.ts(58,9): error TS2322: Type 'number' is not assignable to type 'Timeout'.
src/services/discovery/udpService.ts(70,40): error TS7006: Parameter 'msg' implicitly has an 'any' type.
src/services/discovery/udpService.ts(70,45): error TS7006: Parameter 'rinfo' implicitly has an 'any' type.
src/services/discovery/udpService.ts(74,38): error TS7006: Parameter 'err' implicitly has an 'any' type.
src/services/discovery/udpService.ts(118,9): error TS2322: Type 'number' is not assignable to type 'Timeout'.
src/services/discovery/udpService.ts(150,18): error TS7006: Parameter 'err' implicitly has an 'any' type.
src/utils/file.ts(65,33): error TS2345: Argument of type 'string' is not assignable to parameter of type 'never'.
